// Jest Snapshot v1, https://goo.gl/fbAQLP

exports[`Avatar component 1`] = `
<DocumentFragment>
  <div
    class="sc-bdVaJa gHrgfm"
  >
    <img
      alt="Driver Man"
      src="http://pbs.twimg.com/profile_images/1201972977396379648/5ZQCnQOa_normal.jpg"
    />
  </div>
</DocumentFragment>
`;
