// Jest Snapshot v1, https://goo.gl/fbAQLP

exports[`Tweet component 1`] = `
<DocumentFragment>
  <div
    class="sc-htpNat bqsmbJ"
  >
    <div
      class="sc-bxivhb cDFCAd"
    >
      <div
        class="sc-bwzfXH fwjInP"
      >
        <img
          alt="Driver Man"
          src="http://pbs.twimg.com/profile_images/1201972977396379648/5ZQCnQOa_normal.jpg"
        />
      </div>
      <div>
        <b>
          @Driver Man
        </b>
        <div
          class="sc-ifAKCX iZRSX"
        >
          Block You - Driver Man Vlog 12 https://t.co/e8S0XNCqgq #coronavirus #blockyou
        </div>
      </div>
    </div>
    <div
      class="sc-bdVaJa ipDYfv"
    >
       2 üëç 
    </div>
  </div>
</DocumentFragment>
`;
